some code here
some more code using die() and or docopts
missing argument1
